Archive member included to satisfy reference by file (symbol)

/usr/lib64/gcc/avr/15/avr5/libgcc.a(_umulhisi3.o)
                              build/main.o (__umulhisi3)
/usr/lib64/gcc/avr/15/avr5/libgcc.a(_udivmodhi4.o)
                              build/main.o (__udivmodhi4)
/usr/lib64/gcc/avr/15/avr5/libgcc.a(_udivmodsi4.o)
                              build/main.o (__udivmodsi4)
/usr/lib64/gcc/avr/15/avr5/libgcc.a(_exit.o)
                              /usr/avr/sys-root/lib/avr5/crtatmega32.o (exit)
/usr/lib64/gcc/avr/15/avr5/libgcc.a(_tablejump2.o)
                              build/main.o (__tablejump2__)
/usr/lib64/gcc/avr/15/avr5/libgcc.a(_copy_data.o)
                              build/APP/CarFSM/CarFSM.o (__do_copy_data)
/usr/lib64/gcc/avr/15/avr5/libgcc.a(_clear_bss.o)
                              build/main.o (__do_clear_bss)
/usr/avr/sys-root/lib/avr5/libc.a(memset.o)
                              build/HAL/LCD/lcd.o (memset)
/usr/avr/sys-root/lib/avr5/libc.a(strcmp.o)
                              build/APP/Consol/consol.o (strcmp)
/usr/avr/sys-root/lib/avr5/libc.a(strcpy.o)
                              build/HAL/LCD/lcd.o (strcpy)
/usr/avr/sys-root/lib/avr5/libc.a(strncmp.o)
                              build/APP/Consol/consol.o (strncmp)
/usr/avr/sys-root/lib/avr5/libc.a(snprintf.o)
                              build/HAL/LCD/lcd.o (snprintf)
/usr/avr/sys-root/lib/avr5/libc.a(vfprintf_std.o)
                              /usr/avr/sys-root/lib/avr5/libc.a(snprintf.o) (vfprintf)
/usr/avr/sys-root/lib/avr5/libc.a(strnlen_P.o)
                              /usr/avr/sys-root/lib/avr5/libc.a(vfprintf_std.o) (strnlen_P)
/usr/avr/sys-root/lib/avr5/libc.a(strnlen.o)
                              /usr/avr/sys-root/lib/avr5/libc.a(vfprintf_std.o) (strnlen)
/usr/avr/sys-root/lib/avr5/libc.a(fputc.o)
                              /usr/avr/sys-root/lib/avr5/libc.a(vfprintf_std.o) (fputc)
/usr/avr/sys-root/lib/avr5/libc.a(ultoa_invert.o)
                              /usr/avr/sys-root/lib/avr5/libc.a(vfprintf_std.o) (__ultoa_invert)
/usr/lib64/gcc/avr/15/avr5/libgcc.a(_prologue.o)
                              /usr/avr/sys-root/lib/avr5/libc.a(snprintf.o) (__prologue_saves__)
/usr/lib64/gcc/avr/15/avr5/libgcc.a(_epilogue.o)
                              /usr/avr/sys-root/lib/avr5/libc.a(snprintf.o) (__epilogue_restores__)

Discarded input sections

 .data          0x00000000        0x0 /usr/avr/sys-root/lib/avr5/crtatmega32.o
 .bss           0x00000000        0x0 /usr/avr/sys-root/lib/avr5/crtatmega32.o
 .text          0x00000000        0x0 build/main.o
 .data          0x00000000        0x0 build/main.o
 .bss           0x00000000        0x0 build/main.o
 .text          0x00000000        0x0 build/APP/CarFSM/CarFSM.o
 .data          0x00000000        0x0 build/APP/CarFSM/CarFSM.o
 .bss           0x00000000        0x0 build/APP/CarFSM/CarFSM.o
 .text.CarFSM_Update
                0x00000000       0x40 build/APP/CarFSM/CarFSM.o
 .text          0x00000000        0x0 build/APP/Consol/consol.o
 .data          0x00000000        0x0 build/APP/Consol/consol.o
 .bss           0x00000000        0x0 build/APP/Consol/consol.o
 .text.CONS_GetCalls
                0x00000000        0x6 build/APP/Consol/consol.o
 .text          0x00000000        0x0 build/APP/dispatch/dispatch.o
 .data          0x00000000        0x0 build/APP/dispatch/dispatch.o
 .bss           0x00000000        0x0 build/APP/dispatch/dispatch.o
 .text          0x00000000        0x0 build/APP/DoorFSM/DoorFSM.o
 .data          0x00000000        0x0 build/APP/DoorFSM/DoorFSM.o
 .bss           0x00000000        0x0 build/APP/DoorFSM/DoorFSM.o
 .text.DoorFSM_Update
                0x00000000       0x70 build/APP/DoorFSM/DoorFSM.o
 .text          0x00000000        0x0 build/APP/Fault_log/fault_log.o
 .data          0x00000000        0x0 build/APP/Fault_log/fault_log.o
 .bss           0x00000000        0x0 build/APP/Fault_log/fault_log.o
 .text.FL_GetCount
                0x00000000        0x6 build/APP/Fault_log/fault_log.o
 .text.FL_ReadNewest
                0x00000000       0x1a build/APP/Fault_log/fault_log.o
 .text.FL_ReadOldest
                0x00000000       0x1a build/APP/Fault_log/fault_log.o
 .text.FL_ReadAt
                0x00000000       0x20 build/APP/Fault_log/fault_log.o
 .text          0x00000000        0x0 build/APP/Motion/Motion.o
 .data          0x00000000        0x0 build/APP/Motion/Motion.o
 .bss           0x00000000        0x0 build/APP/Motion/Motion.o
 .text.MOT_IsActive
                0x00000000        0x6 build/APP/Motion/Motion.o
 .text.MOT_AtTarget
                0x00000000       0x28 build/APP/Motion/Motion.o
 .text.MOT_RelevelCheck
                0x00000000       0x56 build/APP/Motion/Motion.o
 .text          0x00000000        0x0 build/APP/Safety/Safety.o
 .data          0x00000000        0x0 build/APP/Safety/Safety.o
 .bss           0x00000000        0x0 build/APP/Safety/Safety.o
 .text.SAF_Active
                0x00000000       0x24 build/APP/Safety/Safety.o
 .text          0x00000000        0x0 build/HAL/Buzzer/Buzzer.o
 .data          0x00000000        0x0 build/HAL/Buzzer/Buzzer.o
 .bss           0x00000000        0x0 build/HAL/Buzzer/Buzzer.o
 .text          0x00000000        0x0 build/HAL/Door/Door.o
 .data          0x00000000        0x0 build/HAL/Door/Door.o
 .bss           0x00000000        0x0 build/HAL/Door/Door.o
 .text          0x00000000        0x0 build/HAL/HC165/HC165.o
 .data          0x00000000        0x0 build/HAL/HC165/HC165.o
 .bss           0x00000000        0x0 build/HAL/HC165/HC165.o
 .text          0x00000000        0x0 build/HAL/HC595/HC595.o
 .data          0x00000000        0x0 build/HAL/HC595/HC595.o
 .bss           0x00000000        0x0 build/HAL/HC595/HC595.o
 .text          0x00000000        0x0 build/HAL/Hoist/Hoist.o
 .data          0x00000000        0x0 build/HAL/Hoist/Hoist.o
 .bss           0x00000000        0x0 build/HAL/Hoist/Hoist.o
 .text          0x00000000        0x0 build/HAL/KeyPad/keypad.o
 .data          0x00000000        0x0 build/HAL/KeyPad/keypad.o
 .bss           0x00000000        0x0 build/HAL/KeyPad/keypad.o
 .text.keypad_init
                0x00000000        0x6 build/HAL/KeyPad/keypad.o
 .text.keypad_get_keypressed
                0x00000000       0x9a build/HAL/KeyPad/keypad.o
 .data.keypad_map
                0x00000000       0x10 build/HAL/KeyPad/keypad.o
 .comment       0x00000000       0x1a build/HAL/KeyPad/keypad.o
 .text          0x00000000        0x0 build/HAL/LCD/lcd.o
 .data          0x00000000        0x0 build/HAL/LCD/lcd.o
 .bss           0x00000000        0x0 build/HAL/LCD/lcd.o
 .text.LCD_Update
                0x00000000       0x62 build/HAL/LCD/lcd.o
 .text          0x00000000        0x0 build/HAL/Load/Load.o
 .data          0x00000000        0x0 build/HAL/Load/Load.o
 .bss           0x00000000        0x0 build/HAL/Load/Load.o
 .text.LOAD_Init
                0x00000000       0x12 build/HAL/Load/Load.o
 .text.LOAD_IsOverloaded
                0x00000000       0x30 build/HAL/Load/Load.o
 .text.LOAD_IsReadValid
                0x00000000        0x6 build/HAL/Load/Load.o
 .bss.g_overloadLatched
                0x00000000        0x1 build/HAL/Load/Load.o
 .text          0x00000000        0x0 build/HAL/Position/position.o
 .data          0x00000000        0x0 build/HAL/Position/position.o
 .bss           0x00000000        0x0 build/HAL/Position/position.o
 .text.POS_InLevelZone
                0x00000000       0x4e build/HAL/Position/position.o
 .text          0x00000000        0x0 build/HAL/SevenSegment/sevensegment.o
 .data          0x00000000        0x0 build/HAL/SevenSegment/sevensegment.o
 .bss           0x00000000        0x0 build/HAL/SevenSegment/sevensegment.o
 .text.seven_segment_init
                0x00000000        0x6 build/HAL/SevenSegment/sevensegment.o
 .text.seven_segment_write
                0x00000000       0x18 build/HAL/SevenSegment/sevensegment.o
 .rodata.digits
                0x00000000        0xa build/HAL/SevenSegment/sevensegment.o
 .comment       0x00000000       0x1a build/HAL/SevenSegment/sevensegment.o
 .text          0x00000000        0x0 build/HAL/Slots/slots.o
 .data          0x00000000        0x0 build/HAL/Slots/slots.o
 .bss           0x00000000        0x0 build/HAL/Slots/slots.o
 .text.slots_init
                0x00000000       0x22 build/HAL/Slots/slots.o
 .text.slots_read_raw
                0x00000000       0x6e build/HAL/Slots/slots.o
 .text.slots_read_active_low
                0x00000000        0x4 build/HAL/Slots/slots.o
 .comment       0x00000000       0x1a build/HAL/Slots/slots.o
 .text          0x00000000        0x0 build/MCAL/ADC/ADC.o
 .data          0x00000000        0x0 build/MCAL/ADC/ADC.o
 .bss           0x00000000        0x0 build/MCAL/ADC/ADC.o
 .text.ADC_StartConversion
                0x00000000       0x1c build/MCAL/ADC/ADC.o
 .text.ADC_GetResult
                0x00000000       0x20 build/MCAL/ADC/ADC.o
 .text.ADC_SetInterrupt
                0x00000000       0x18 build/MCAL/ADC/ADC.o
 .text          0x00000000        0x0 build/MCAL/GPIO/GPIO.o
 .data          0x00000000        0x0 build/MCAL/GPIO/GPIO.o
 .bss           0x00000000        0x0 build/MCAL/GPIO/GPIO.o
 .text.GPIO_TogglePinValue
                0x00000000       0x4c build/MCAL/GPIO/GPIO.o
 .text.GPIO_SetPortDirection
                0x00000000       0x2a build/MCAL/GPIO/GPIO.o
 .text.GPIO_SetPortValue
                0x00000000       0x2a build/MCAL/GPIO/GPIO.o
 .text.GPIO_GetPortValue
                0x00000000       0x32 build/MCAL/GPIO/GPIO.o
 .text          0x00000000        0x0 build/MCAL/I2C/I2C.o
 .data          0x00000000        0x0 build/MCAL/I2C/I2C.o
 .bss           0x00000000        0x0 build/MCAL/I2C/I2C.o
 .text.I2C_SendRepeatedStart
                0x00000000       0x1c build/MCAL/I2C/I2C.o
 .text.I2C_SendSlaveAddressWithRead
                0x00000000       0x22 build/MCAL/I2C/I2C.o
 .text.I2C_ReceiveByte
                0x00000000       0x38 build/MCAL/I2C/I2C.o
 .text          0x00000000        0x0 build/MCAL/INTERRUPT/INTERRUPT.o
 .data          0x00000000        0x0 build/MCAL/INTERRUPT/INTERRUPT.o
 .bss           0x00000000        0x0 build/MCAL/INTERRUPT/INTERRUPT.o
 .text.INTERRUPT_DisableGlobal
                0x00000000        0xc build/MCAL/INTERRUPT/INTERRUPT.o
 .text.EXTI_ClearFlag
                0x00000000       0x2a build/MCAL/INTERRUPT/INTERRUPT.o
 .text.EXTI_Disable
                0x00000000       0x2a build/MCAL/INTERRUPT/INTERRUPT.o
 .text          0x00000000        0x0 build/MCAL/SPI/SPI.o
 .data          0x00000000        0x0 build/MCAL/SPI/SPI.o
 .bss           0x00000000        0x0 build/MCAL/SPI/SPI.o
 .text.SPI_InitSlave
                0x00000000       0x32 build/MCAL/SPI/SPI.o
 .text          0x00000000        0x0 build/MCAL/TIMER/TIMER.o
 .data          0x00000000        0x0 build/MCAL/TIMER/TIMER.o
 .bss           0x00000000        0x0 build/MCAL/TIMER/TIMER.o
 .text.TIMER0_DelayS
                0x00000000       0x4a build/MCAL/TIMER/TIMER.o
 .text.TIMER0_PWM
                0x00000000       0x48 build/MCAL/TIMER/TIMER.o
 .text.TIMER0_Stop
                0x00000000       0x12 build/MCAL/TIMER/TIMER.o
 .text.TIMER1_Init
                0x00000000       0x18 build/MCAL/TIMER/TIMER.o
 .text.TIMER1_DelayMS
                0x00000000        0x4 build/MCAL/TIMER/TIMER.o
 .text.TIMER1_Stop
                0x00000000       0x12 build/MCAL/TIMER/TIMER.o
 .text          0x00000000        0x0 build/MCAL/UART/UART.o
 .data          0x00000000        0x0 build/MCAL/UART/UART.o
 .bss           0x00000000        0x0 build/MCAL/UART/UART.o
 .text.UART_SetTxInterrupt
                0x00000000       0x10 build/MCAL/UART/UART.o
 .text          0x00000000        0x0 /usr/lib64/gcc/avr/15/avr5/libgcc.a(_umulhisi3.o)
 .data          0x00000000        0x0 /usr/lib64/gcc/avr/15/avr5/libgcc.a(_umulhisi3.o)
 .bss           0x00000000        0x0 /usr/lib64/gcc/avr/15/avr5/libgcc.a(_umulhisi3.o)
 .text.libgcc.div
                0x00000000        0x0 /usr/lib64/gcc/avr/15/avr5/libgcc.a(_umulhisi3.o)
 .text.libgcc   0x00000000        0x0 /usr/lib64/gcc/avr/15/avr5/libgcc.a(_umulhisi3.o)
 .text.libgcc.prologue
                0x00000000        0x0 /usr/lib64/gcc/avr/15/avr5/libgcc.a(_umulhisi3.o)
 .text.libgcc.builtins
                0x00000000        0x0 /usr/lib64/gcc/avr/15/avr5/libgcc.a(_umulhisi3.o)
 .text.libgcc.fmul
                0x00000000        0x0 /usr/lib64/gcc/avr/15/avr5/libgcc.a(_umulhisi3.o)
 .text.libgcc.fixed
                0x00000000        0x0 /usr/lib64/gcc/avr/15/avr5/libgcc.a(_umulhisi3.o)
 .text          0x00000000        0x0 /usr/lib64/gcc/avr/15/avr5/libgcc.a(_udivmodhi4.o)
 .data          0x00000000        0x0 /usr/lib64/gcc/avr/15/avr5/libgcc.a(_udivmodhi4.o)
 .bss           0x00000000        0x0 /usr/lib64/gcc/avr/15/avr5/libgcc.a(_udivmodhi4.o)
 .text.libgcc.mul
                0x00000000        0x0 /usr/lib64/gcc/avr/15/avr5/libgcc.a(_udivmodhi4.o)
 .text.libgcc   0x00000000        0x0 /usr/lib64/gcc/avr/15/avr5/libgcc.a(_udivmodhi4.o)
 .text.libgcc.prologue
                0x00000000        0x0 /usr/lib64/gcc/avr/15/avr5/libgcc.a(_udivmodhi4.o)
 .text.libgcc.builtins
                0x00000000        0x0 /usr/lib64/gcc/avr/15/avr5/libgcc.a(_udivmodhi4.o)
 .text.libgcc.fmul
                0x00000000        0x0 /usr/lib64/gcc/avr/15/avr5/libgcc.a(_udivmodhi4.o)
 .text.libgcc.fixed
                0x00000000        0x0 /usr/lib64/gcc/avr/15/avr5/libgcc.a(_udivmodhi4.o)
 .text          0x00000000        0x0 /usr/lib64/gcc/avr/15/avr5/libgcc.a(_udivmodsi4.o)
 .data          0x00000000        0x0 /usr/lib64/gcc/avr/15/avr5/libgcc.a(_udivmodsi4.o)
 .bss           0x00000000        0x0 /usr/lib64/gcc/avr/15/avr5/libgcc.a(_udivmodsi4.o)
 .text.libgcc.mul
                0x00000000        0x0 /usr/lib64/gcc/avr/15/avr5/libgcc.a(_udivmodsi4.o)
 .text.libgcc   0x00000000        0x0 /usr/lib64/gcc/avr/15/avr5/libgcc.a(_udivmodsi4.o)
 .text.libgcc.prologue
                0x00000000        0x0 /usr/lib64/gcc/avr/15/avr5/libgcc.a(_udivmodsi4.o)
 .text.libgcc.builtins
                0x00000000        0x0 /usr/lib64/gcc/avr/15/avr5/libgcc.a(_udivmodsi4.o)
 .text.libgcc.fmul
                0x00000000        0x0 /usr/lib64/gcc/avr/15/avr5/libgcc.a(_udivmodsi4.o)
 .text.libgcc.fixed
                0x00000000        0x0 /usr/lib64/gcc/avr/15/avr5/libgcc.a(_udivmodsi4.o)
 .text          0x00000000        0x0 /usr/lib64/gcc/avr/15/avr5/libgcc.a(_exit.o)
 .data          0x00000000        0x0 /usr/lib64/gcc/avr/15/avr5/libgcc.a(_exit.o)
 .bss           0x00000000        0x0 /usr/lib64/gcc/avr/15/avr5/libgcc.a(_exit.o)
 .text.libgcc.mul
                0x00000000        0x0 /usr/lib64/gcc/avr/15/avr5/libgcc.a(_exit.o)
 .text.libgcc.div
                0x00000000        0x0 /usr/lib64/gcc/avr/15/avr5/libgcc.a(_exit.o)
 .text.libgcc   0x00000000        0x0 /usr/lib64/gcc/avr/15/avr5/libgcc.a(_exit.o)
 .text.libgcc.prologue
                0x00000000        0x0 /usr/lib64/gcc/avr/15/avr5/libgcc.a(_exit.o)
 .text.libgcc.builtins
                0x00000000        0x0 /usr/lib64/gcc/avr/15/avr5/libgcc.a(_exit.o)
 .text.libgcc.fmul
                0x00000000        0x0 /usr/lib64/gcc/avr/15/avr5/libgcc.a(_exit.o)
 .text.libgcc.fixed
                0x00000000        0x0 /usr/lib64/gcc/avr/15/avr5/libgcc.a(_exit.o)
 .text          0x00000000        0x0 /usr/lib64/gcc/avr/15/avr5/libgcc.a(_tablejump2.o)
 .data          0x00000000        0x0 /usr/lib64/gcc/avr/15/avr5/libgcc.a(_tablejump2.o)
 .bss           0x00000000        0x0 /usr/lib64/gcc/avr/15/avr5/libgcc.a(_tablejump2.o)
 .text.libgcc.mul
                0x00000000        0x0 /usr/lib64/gcc/avr/15/avr5/libgcc.a(_tablejump2.o)
 .text.libgcc.div
                0x00000000        0x0 /usr/lib64/gcc/avr/15/avr5/libgcc.a(_tablejump2.o)
 .text.libgcc.prologue
                0x00000000        0x0 /usr/lib64/gcc/avr/15/avr5/libgcc.a(_tablejump2.o)
 .text.libgcc.builtins
                0x00000000        0x0 /usr/lib64/gcc/avr/15/avr5/libgcc.a(_tablejump2.o)
 .text.libgcc.fmul
                0x00000000        0x0 /usr/lib64/gcc/avr/15/avr5/libgcc.a(_tablejump2.o)
 .text.libgcc.fixed
                0x00000000        0x0 /usr/lib64/gcc/avr/15/avr5/libgcc.a(_tablejump2.o)
 .text          0x00000000        0x0 /usr/lib64/gcc/avr/15/avr5/libgcc.a(_copy_data.o)
 .data          0x00000000        0x0 /usr/lib64/gcc/avr/15/avr5/libgcc.a(_copy_data.o)
 .bss           0x00000000        0x0 /usr/lib64/gcc/avr/15/avr5/libgcc.a(_copy_data.o)
 .text.libgcc.mul
                0x00000000        0x0 /usr/lib64/gcc/avr/15/avr5/libgcc.a(_copy_data.o)
 .text.libgcc.div
                0x00000000        0x0 /usr/lib64/gcc/avr/15/avr5/libgcc.a(_copy_data.o)
 .text.libgcc   0x00000000        0x0 /usr/lib64/gcc/avr/15/avr5/libgcc.a(_copy_data.o)
 .text.libgcc.prologue
                0x00000000        0x0 /usr/lib64/gcc/avr/15/avr5/libgcc.a(_copy_data.o)
 .text.libgcc.builtins
                0x00000000        0x0 /usr/lib64/gcc/avr/15/avr5/libgcc.a(_copy_data.o)
 .text.libgcc.fmul
                0x00000000        0x0 /usr/lib64/gcc/avr/15/avr5/libgcc.a(_copy_data.o)
 .text.libgcc.fixed
                0x00000000        0x0 /usr/lib64/gcc/avr/15/avr5/libgcc.a(_copy_data.o)
 .text          0x00000000        0x0 /usr/lib64/gcc/avr/15/avr5/libgcc.a(_clear_bss.o)
 .data          0x00000000        0x0 /usr/lib64/gcc/avr/15/avr5/libgcc.a(_clear_bss.o)
 .bss           0x00000000        0x0 /usr/lib64/gcc/avr/15/avr5/libgcc.a(_clear_bss.o)
 .text.libgcc.mul
                0x00000000        0x0 /usr/lib64/gcc/avr/15/avr5/libgcc.a(_clear_bss.o)
 .text.libgcc.div
                0x00000000        0x0 /usr/lib64/gcc/avr/15/avr5/libgcc.a(_clear_bss.o)
 .text.libgcc   0x00000000        0x0 /usr/lib64/gcc/avr/15/avr5/libgcc.a(_clear_bss.o)
 .text.libgcc.prologue
                0x00000000        0x0 /usr/lib64/gcc/avr/15/avr5/libgcc.a(_clear_bss.o)
 .text.libgcc.builtins
                0x00000000        0x0 /usr/lib64/gcc/avr/15/avr5/libgcc.a(_clear_bss.o)
 .text.libgcc.fmul
                0x00000000        0x0 /usr/lib64/gcc/avr/15/avr5/libgcc.a(_clear_bss.o)
 .text.libgcc.fixed
                0x00000000        0x0 /usr/lib64/gcc/avr/15/avr5/libgcc.a(_clear_bss.o)
 .text          0x00000000        0x0 /usr/avr/sys-root/lib/avr5/libc.a(memset.o)
 .data          0x00000000        0x0 /usr/avr/sys-root/lib/avr5/libc.a(memset.o)
 .bss           0x00000000        0x0 /usr/avr/sys-root/lib/avr5/libc.a(memset.o)
 .text          0x00000000        0x0 /usr/avr/sys-root/lib/avr5/libc.a(strcmp.o)
 .data          0x00000000        0x0 /usr/avr/sys-root/lib/avr5/libc.a(strcmp.o)
 .bss           0x00000000        0x0 /usr/avr/sys-root/lib/avr5/libc.a(strcmp.o)
 .text          0x00000000        0x0 /usr/avr/sys-root/lib/avr5/libc.a(strcpy.o)
 .data          0x00000000        0x0 /usr/avr/sys-root/lib/avr5/libc.a(strcpy.o)
 .bss           0x00000000        0x0 /usr/avr/sys-root/lib/avr5/libc.a(strcpy.o)
 .text          0x00000000        0x0 /usr/avr/sys-root/lib/avr5/libc.a(strncmp.o)
 .data          0x00000000        0x0 /usr/avr/sys-root/lib/avr5/libc.a(strncmp.o)
 .bss           0x00000000        0x0 /usr/avr/sys-root/lib/avr5/libc.a(strncmp.o)
 .text          0x00000000        0x0 /usr/avr/sys-root/lib/avr5/libc.a(snprintf.o)
 .data          0x00000000        0x0 /usr/avr/sys-root/lib/avr5/libc.a(snprintf.o)
 .bss           0x00000000        0x0 /usr/avr/sys-root/lib/avr5/libc.a(snprintf.o)
 .text          0x00000000        0x0 /usr/avr/sys-root/lib/avr5/libc.a(vfprintf_std.o)
 .data          0x00000000        0x0 /usr/avr/sys-root/lib/avr5/libc.a(vfprintf_std.o)
 .bss           0x00000000        0x0 /usr/avr/sys-root/lib/avr5/libc.a(vfprintf_std.o)
 .text          0x00000000        0x0 /usr/avr/sys-root/lib/avr5/libc.a(strnlen_P.o)
 .data          0x00000000        0x0 /usr/avr/sys-root/lib/avr5/libc.a(strnlen_P.o)
 .bss           0x00000000        0x0 /usr/avr/sys-root/lib/avr5/libc.a(strnlen_P.o)
 .text          0x00000000        0x0 /usr/avr/sys-root/lib/avr5/libc.a(strnlen.o)
 .data          0x00000000        0x0 /usr/avr/sys-root/lib/avr5/libc.a(strnlen.o)
 .bss           0x00000000        0x0 /usr/avr/sys-root/lib/avr5/libc.a(strnlen.o)
 .text          0x00000000        0x0 /usr/avr/sys-root/lib/avr5/libc.a(fputc.o)
 .data          0x00000000        0x0 /usr/avr/sys-root/lib/avr5/libc.a(fputc.o)
 .bss           0x00000000        0x0 /usr/avr/sys-root/lib/avr5/libc.a(fputc.o)
 .text          0x00000000        0x0 /usr/avr/sys-root/lib/avr5/libc.a(ultoa_invert.o)
 .data          0x00000000        0x0 /usr/avr/sys-root/lib/avr5/libc.a(ultoa_invert.o)
 .bss           0x00000000        0x0 /usr/avr/sys-root/lib/avr5/libc.a(ultoa_invert.o)
 .text          0x00000000        0x0 /usr/lib64/gcc/avr/15/avr5/libgcc.a(_prologue.o)
 .data          0x00000000        0x0 /usr/lib64/gcc/avr/15/avr5/libgcc.a(_prologue.o)
 .bss           0x00000000        0x0 /usr/lib64/gcc/avr/15/avr5/libgcc.a(_prologue.o)
 .text.libgcc.mul
                0x00000000        0x0 /usr/lib64/gcc/avr/15/avr5/libgcc.a(_prologue.o)
 .text.libgcc.div
                0x00000000        0x0 /usr/lib64/gcc/avr/15/avr5/libgcc.a(_prologue.o)
 .text.libgcc   0x00000000        0x0 /usr/lib64/gcc/avr/15/avr5/libgcc.a(_prologue.o)
 .text.libgcc.builtins
                0x00000000        0x0 /usr/lib64/gcc/avr/15/avr5/libgcc.a(_prologue.o)
 .text.libgcc.fmul
                0x00000000        0x0 /usr/lib64/gcc/avr/15/avr5/libgcc.a(_prologue.o)
 .text.libgcc.fixed
                0x00000000        0x0 /usr/lib64/gcc/avr/15/avr5/libgcc.a(_prologue.o)
 .text          0x00000000        0x0 /usr/lib64/gcc/avr/15/avr5/libgcc.a(_epilogue.o)
 .data          0x00000000        0x0 /usr/lib64/gcc/avr/15/avr5/libgcc.a(_epilogue.o)
 .bss           0x00000000        0x0 /usr/lib64/gcc/avr/15/avr5/libgcc.a(_epilogue.o)
 .text.libgcc.mul
                0x00000000        0x0 /usr/lib64/gcc/avr/15/avr5/libgcc.a(_epilogue.o)
 .text.libgcc.div
                0x00000000        0x0 /usr/lib64/gcc/avr/15/avr5/libgcc.a(_epilogue.o)
 .text.libgcc   0x00000000        0x0 /usr/lib64/gcc/avr/15/avr5/libgcc.a(_epilogue.o)
 .text.libgcc.builtins
                0x00000000        0x0 /usr/lib64/gcc/avr/15/avr5/libgcc.a(_epilogue.o)
 .text.libgcc.fmul
                0x00000000        0x0 /usr/lib64/gcc/avr/15/avr5/libgcc.a(_epilogue.o)
 .text.libgcc.fixed
                0x00000000        0x0 /usr/lib64/gcc/avr/15/avr5/libgcc.a(_epilogue.o)

Memory Configuration

Name             Origin             Length             Attributes
text             0x00000000         0x00020000         xr
data             0x00800060         0x0000ffa0         rw!x
eeprom           0x00810000         0x00010000         rw!x
fuse             0x00820000         0x00000002         rw!x
lock             0x00830000         0x00000400         rw!x
signature        0x00840000         0x00000400         rw!x
user_signatures  0x00850000         0x00000400         rw!x
*default*        0x00000000         0xffffffff

Linker script and memory map

LOAD /usr/avr/sys-root/lib/avr5/crtatmega32.o
LOAD build/main.o
LOAD build/APP/CarFSM/CarFSM.o
LOAD build/APP/Consol/consol.o
LOAD build/APP/dispatch/dispatch.o
LOAD build/APP/DoorFSM/DoorFSM.o
LOAD build/APP/Fault_log/fault_log.o
LOAD build/APP/Motion/Motion.o
LOAD build/APP/Safety/Safety.o
LOAD build/HAL/Buzzer/Buzzer.o
LOAD build/HAL/Door/Door.o
LOAD build/HAL/HC165/HC165.o
LOAD build/HAL/HC595/HC595.o
LOAD build/HAL/Hoist/Hoist.o
LOAD build/HAL/KeyPad/keypad.o
LOAD build/HAL/LCD/lcd.o
LOAD build/HAL/Load/Load.o
LOAD build/HAL/Position/position.o
LOAD build/HAL/SevenSegment/sevensegment.o
LOAD build/HAL/Slots/slots.o
LOAD build/MCAL/ADC/ADC.o
LOAD build/MCAL/GPIO/GPIO.o
LOAD build/MCAL/I2C/I2C.o
LOAD build/MCAL/INTERRUPT/INTERRUPT.o
LOAD build/MCAL/SPI/SPI.o
LOAD build/MCAL/TIMER/TIMER.o
LOAD build/MCAL/UART/UART.o
START GROUP
LOAD /usr/lib64/gcc/avr/15/avr5/libgcc.a
LOAD /usr/avr/sys-root/lib/avr5/libm.a
LOAD /usr/avr/sys-root/lib/avr5/libc.a
LOAD /usr/avr/sys-root/lib/avr5/libatmega32.a
END GROUP
                0x00000000                        __TEXT_REGION_ORIGIN__ = DEFINED (__TEXT_REGION_ORIGIN__)?__TEXT_REGION_ORIGIN__:0x0
                0x00020000                        __TEXT_REGION_LENGTH__ = DEFINED (__TEXT_REGION_LENGTH__)?__TEXT_REGION_LENGTH__:0x20000
                0x00800060                        __DATA_REGION_ORIGIN__ = DEFINED (__DATA_REGION_ORIGIN__)?__DATA_REGION_ORIGIN__:0x800060
                0x0000ffa0                        __DATA_REGION_LENGTH__ = DEFINED (__DATA_REGION_LENGTH__)?__DATA_REGION_LENGTH__:0xffa0
                0x00010000                        __EEPROM_REGION_LENGTH__ = DEFINED (__EEPROM_REGION_LENGTH__)?__EEPROM_REGION_LENGTH__:0x10000
                [0x00000002]                      __FUSE_REGION_LENGTH__ = DEFINED (__FUSE_REGION_LENGTH__)?__FUSE_REGION_LENGTH__:0x400
                0x00000400                        __LOCK_REGION_LENGTH__ = DEFINED (__LOCK_REGION_LENGTH__)?__LOCK_REGION_LENGTH__:0x400
                0x00000400                        __SIGNATURE_REGION_LENGTH__ = DEFINED (__SIGNATURE_REGION_LENGTH__)?__SIGNATURE_REGION_LENGTH__:0x400
                0x00000400                        __USER_SIGNATURE_REGION_LENGTH__ = DEFINED (__USER_SIGNATURE_REGION_LENGTH__)?__USER_SIGNATURE_REGION_LENGTH__:0x400

.hash
 *(.hash)

.dynsym
 *(.dynsym)

.dynstr
 *(.dynstr)

.gnu.version
 *(.gnu.version)

.gnu.version_d
 *(.gnu.version_d)

.gnu.version_r
 *(.gnu.version_r)

.rel.init
 *(.rel.init)

.rela.init
 *(.rela.init)

.rel.text
 *(.rel.text)
 *(.rel.text.*)
 *(.rel.gnu.linkonce.t*)

.rela.text
 *(.rela.text)
 *(.rela.text.*)
 *(.rela.gnu.linkonce.t*)

.rel.fini
 *(.rel.fini)

.rela.fini
 *(.rela.fini)

.rel.rodata
 *(.rel.rodata)
 *(.rel.rodata.*)
 *(.rel.gnu.linkonce.r*)

.rela.rodata
 *(.rela.rodata)
 *(.rela.rodata.*)
 *(.rela.gnu.linkonce.r*)

.rel.data
 *(.rel.data)
 *(.rel.data.*)
 *(.rel.gnu.linkonce.d*)

.rela.data
 *(.rela.data)
 *(.rela.data.*)
 *(.rela.gnu.linkonce.d*)

.rel.ctors
 *(.rel.ctors)

.rela.ctors
 *(.rela.ctors)

.rel.dtors
 *(.rel.dtors)

.rela.dtors
 *(.rela.dtors)

.rel.got
 *(.rel.got)

.rela.got
 *(.rela.got)

.rel.bss
 *(.rel.bss)

.rela.bss
 *(.rela.bss)

.rel.plt
 *(.rel.plt)

.rela.plt
 *(.rela.plt)

.text           0x00000000     0x21a4
 *(.vectors)
 .vectors       0x00000000       0x54 /usr/avr/sys-root/lib/avr5/crtatmega32.o
                0x00000000                __vectors
                0x00000000                __vector_default
 *(.vectors)
                0x00000054                        __progmem_start = .
 *(.progmem)
 *(.progmem.*)
                0x00000054                        __progmem_end = .
                0x00000001                        ASSERT (((__progmem_start == __progmem_end) || (__progmem_end <= 0x10000)), .progmem section exceeds 0x10000)
                0x00000054                        . = ALIGN (0x2)
                0x00000054                        __trampolines_start = .
 *(.trampolines)
 .trampolines   0x00000054        0x0 linker stubs
 *(.trampolines*)
                0x00000054                        __trampolines_end = .
                0x00000054                        . = ALIGN (0x2)
 *(.lowtext)
 *(.lowtext*)
                0x00000054                        __ctors_start = .
 *(.ctors)
                0x00000054                        __ctors_end = .
                0x00000054                        __dtors_start = .
 *(.dtors)
                0x00000054                        __dtors_end = .
 SORT_BY_NAME(*)(.ctors)
 SORT_BY_NAME(*)(.dtors)
 *(.init0)
 .init0         0x00000054        0x0 /usr/avr/sys-root/lib/avr5/crtatmega32.o
                0x00000054                __init
 *(.init0)
 *(.init1)
 *(.init1)
 *(.init2)
 .init2         0x00000054        0xc /usr/avr/sys-root/lib/avr5/crtatmega32.o
 *(.init2)
 *(.init3)
 *(.init3)
 *(.init4)
 .init4         0x00000060       0x16 /usr/lib64/gcc/avr/15/avr5/libgcc.a(_copy_data.o)
                0x00000060                __do_copy_data
 .init4         0x00000076       0x10 /usr/lib64/gcc/avr/15/avr5/libgcc.a(_clear_bss.o)
                0x00000076                __do_clear_bss
 *(.init4)
 *(.init5)
 *(.init5)
 *(.init6)
 *(.init6)
 *(.init7)
 *(.init7)
 *(.init8)
 *(.init8)
 *(.init9)
 .init9         0x00000086        0x8 /usr/avr/sys-root/lib/avr5/crtatmega32.o
 *(.init9)
 *(.text)
 .text          0x0000008e        0x4 /usr/avr/sys-root/lib/avr5/crtatmega32.o
                0x0000008e                __vector_12
                0x0000008e                __bad_interrupt
                0x0000008e                __vector_6
                0x0000008e                __vector_11
                0x0000008e                __vector_17
                0x0000008e                __vector_19
                0x0000008e                __vector_7
                0x0000008e                __vector_5
                0x0000008e                __vector_4
                0x0000008e                __vector_9
                0x0000008e                __vector_15
                0x0000008e                __vector_8
                0x0000008e                __vector_14
                0x0000008e                __vector_16
                0x0000008e                __vector_18
                0x0000008e                __vector_20
                0x00000092                        . = ALIGN (0x2)
 *(.text.*)
 .text.EmergencyStopCallback
                0x00000092        0xa build/main.o
 .text.startup.main
                0x0000009c      0x500 build/main.o
                0x0000009c                main
 .text.CarFSM_Init
                0x0000059c       0x12 build/APP/CarFSM/CarFSM.o
                0x0000059c                CarFSM_Init
 .text.CarFSM_GetState
                0x000005ae        0xa build/APP/CarFSM/CarFSM.o
                0x000005ae                CarFSM_GetState
 .text.CONS_Init
                0x000005b8       0x2e build/APP/Consol/consol.o
                0x000005b8                CONS_Init
 .text.CONS_SendTelemetry
                0x000005e6        0x8 build/APP/Consol/consol.o
                0x000005e6                CONS_SendTelemetry
 .text.CONS_ParseCommand
                0x000005ee       0xcc build/APP/Consol/consol.o
                0x000005ee                CONS_ParseCommand
 .text.CONS_HandleByte
                0x000006ba       0x3c build/APP/Consol/consol.o
                0x000006ba                CONS_HandleByte
 .text.CONS_Task
                0x000006f6       0x2a build/APP/Consol/consol.o
                0x000006f6                CONS_Task
 .text.callsAbove
                0x00000720       0x2c build/APP/dispatch/dispatch.o
 .text.callsBelow
                0x0000074c       0x2c build/APP/dispatch/dispatch.o
 .text.DSP_ShouldStop
                0x00000778       0xa2 build/APP/dispatch/dispatch.o
                0x00000778                DSP_ShouldStop
 .text.DSP_AddCall
                0x0000081a       0x4a build/APP/dispatch/dispatch.o
                0x0000081a                DSP_AddCall
 .text.DSP_ClearFloor
                0x00000864       0x34 build/APP/dispatch/dispatch.o
                0x00000864                DSP_ClearFloor
 .text.DSP_NextDirection
                0x00000898       0x96 build/APP/dispatch/dispatch.o
                0x00000898                DSP_NextDirection
 .text.DoorFSM_Init
                0x0000092e       0x14 build/APP/DoorFSM/DoorFSM.o
                0x0000092e                DoorFSM_Init
 .text.DoorFSM_Open
                0x00000942       0x16 build/APP/DoorFSM/DoorFSM.o
                0x00000942                DoorFSM_Open
 .text.DoorFSM_Close
                0x00000958       0x18 build/APP/DoorFSM/DoorFSM.o
                0x00000958                DoorFSM_Close
 .text.DoorFSM_UpdatePosition
                0x00000970       0x7a build/APP/DoorFSM/DoorFSM.o
                0x00000970                DoorFSM_UpdatePosition
 .text.DoorFSM_GetState
                0x000009ea        0xa build/APP/DoorFSM/DoorFSM.o
                0x000009ea                DoorFSM_GetState
 .text.FL_Clear
                0x000009f4       0x18 build/APP/Fault_log/fault_log.o
                0x000009f4                FL_Clear
 .text.FL_Init  0x00000a0c        0x4 build/APP/Fault_log/fault_log.o
                0x00000a0c                FL_Init
 .text.FL_AddFault
                0x00000a10       0x28 build/APP/Fault_log/fault_log.o
                0x00000a10                FL_AddFault
 .text.MOT_GoTo
                0x00000a38       0x3a build/APP/Motion/Motion.o
                0x00000a38                MOT_GoTo
 .text.MOT_Stop
                0x00000a72       0x10 build/APP/Motion/Motion.o
                0x00000a72                MOT_Stop
 .text.MOT_Step
                0x00000a82       0xd6 build/APP/Motion/Motion.o
                0x00000a82                MOT_Step
 .text.SAF_Evaluate
                0x00000b58      0x104 build/APP/Safety/Safety.o
                0x00000b58                SAF_Evaluate
 .text.BUZ_Init
                0x00000c5c        0x8 build/HAL/Buzzer/Buzzer.o
                0x00000c5c                BUZ_Init
 .text.BUZ_Chime
                0x00000c64        0x6 build/HAL/Buzzer/Buzzer.o
                0x00000c64                BUZ_Chime
 .text.BUZ_Alarm
                0x00000c6a        0x6 build/HAL/Buzzer/Buzzer.o
                0x00000c6a                BUZ_Alarm
 .text.BUZ_Stop
                0x00000c70        0x4 build/HAL/Buzzer/Buzzer.o
                0x00000c70                BUZ_Stop
 .text.DRV_SetDuty
                0x00000c74       0x22 build/HAL/Door/Door.o
                0x00000c74                DRV_SetDuty
 .text.DRV_Stop
                0x00000c96       0x18 build/HAL/Door/Door.o
                0x00000c96                DRV_Stop
 .text.DRV_Init
                0x00000cae       0x38 build/HAL/Door/Door.o
                0x00000cae                DRV_Init
 .text.DRV_SetDir
                0x00000ce6       0x32 build/HAL/Door/Door.o
                0x00000ce6                DRV_SetDir
 .text.BTN_Scan
                0x00000d18       0xce build/HAL/HC165/HC165.o
                0x00000d18                BTN_Scan
 .text.BTN_Pressed
                0x00000de6       0x42 build/HAL/HC165/HC165.o
                0x00000de6                BTN_Pressed
 .text.SEG_Show
                0x00000e28       0x7c build/HAL/HC595/HC595.o
                0x00000e28                SEG_Show
 .text.HST_ApplyBrakeState
                0x00000ea4       0x14 build/HAL/Hoist/Hoist.o
 .text.HST_Init
                0x00000eb8       0x2c build/HAL/Hoist/Hoist.o
                0x00000eb8                HST_Init
 .text.HST_Brake
                0x00000ee4        0xe build/HAL/Hoist/Hoist.o
                0x00000ee4                HST_Brake
 .text.HST_SetDir
                0x00000ef2       0x32 build/HAL/Hoist/Hoist.o
                0x00000ef2                HST_SetDir
 .text.HST_SetDuty
                0x00000f24       0x16 build/HAL/Hoist/Hoist.o
                0x00000f24                HST_SetDuty
 .text.HST_EmergencyStop
                0x00000f3a        0x4 build/HAL/Hoist/Hoist.o
                0x00000f3a                HST_EmergencyStop
 .text.LCD_Command
                0x00000f3e       0x54 build/HAL/LCD/lcd.o
 .text.Debug_Fail
                0x00000f92        0xa build/HAL/LCD/lcd.o
                0x00000f92                Debug_Fail
 .text.LCD_Init
                0x00000f9c       0x56 build/HAL/LCD/lcd.o
                0x00000f9c                LCD_Init
 .text.LCD_WriteData
                0x00000ff2       0x54 build/HAL/LCD/lcd.o
                0x00000ff2                LCD_WriteData
 .text.LCD_RefreshPartial
                0x00001046       0x62 build/HAL/LCD/lcd.o
                0x00001046                LCD_RefreshPartial
 .text.LCD_UpdateFrame
                0x000010a8      0x200 build/HAL/LCD/lcd.o
                0x000010a8                LCD_UpdateFrame
 .text.LOAD_ReadKg
                0x000012a8       0x5a build/HAL/Load/Load.o
                0x000012a8                LOAD_ReadKg
 .text.POS_cm   0x00001302       0x44 build/HAL/Position/position.o
                0x00001302                POS_cm
 .text.POS_nearestFloor
                0x00001346       0x24 build/HAL/Position/position.o
                0x00001346                POS_nearestFloor
 .text.ADC_Init
                0x0000136a       0x2a build/MCAL/ADC/ADC.o
                0x0000136a                ADC_Init
 .text.ADC_ReadChannel
                0x00001394       0x32 build/MCAL/ADC/ADC.o
                0x00001394                ADC_ReadChannel
 .text.GPIO_SetPinDirection
                0x000013c6       0xac build/MCAL/GPIO/GPIO.o
                0x000013c6                GPIO_SetPinDirection
 .text.GPIO_SetPinValue
                0x00001472       0xce build/MCAL/GPIO/GPIO.o
                0x00001472                GPIO_SetPinValue
 .text.GPIO_GetPinValue
                0x00001540       0x44 build/MCAL/GPIO/GPIO.o
                0x00001540                GPIO_GetPinValue
 .text.I2C_InitMaster
                0x00001584       0x42 build/MCAL/I2C/I2C.o
                0x00001584                I2C_InitMaster
 .text.I2C_SendStart
                0x000015c6       0x1c build/MCAL/I2C/I2C.o
                0x000015c6                I2C_SendStart
 .text.I2C_SendStop
                0x000015e2        0x6 build/MCAL/I2C/I2C.o
                0x000015e2                I2C_SendStop
 .text.I2C_SendSlaveAddressWithWrite
                0x000015e8       0x20 build/MCAL/I2C/I2C.o
                0x000015e8                I2C_SendSlaveAddressWithWrite
 .text.I2C_SendByte
                0x00001608       0x1e build/MCAL/I2C/I2C.o
                0x00001608                I2C_SendByte
 .text.INTERRUPT_EnableGlobal
                0x00001626        0xc build/MCAL/INTERRUPT/INTERRUPT.o
                0x00001626                INTERRUPT_EnableGlobal
 .text.EXTI_SetSense
                0x00001632       0x40 build/MCAL/INTERRUPT/INTERRUPT.o
                0x00001632                EXTI_SetSense
 .text.EXTI_Enable
                0x00001672       0x3c build/MCAL/INTERRUPT/INTERRUPT.o
                0x00001672                EXTI_Enable
 .text.EXTI_SetCallback
                0x000016ae       0x20 build/MCAL/INTERRUPT/INTERRUPT.o
                0x000016ae                EXTI_SetCallback
 .text.__vector_1
                0x000016ce       0x52 build/MCAL/INTERRUPT/INTERRUPT.o
                0x000016ce                __vector_1
 .text.__vector_2
                0x00001720       0x52 build/MCAL/INTERRUPT/INTERRUPT.o
                0x00001720                __vector_2
 .text.__vector_3
                0x00001772       0x52 build/MCAL/INTERRUPT/INTERRUPT.o
                0x00001772                __vector_3
 .text.SPI_InitMaster
                0x000017c4       0x4c build/MCAL/SPI/SPI.o
                0x000017c4                SPI_InitMaster
 .text.SPI_Transceive
                0x00001810       0x1e build/MCAL/SPI/SPI.o
                0x00001810                SPI_Transceive
 .text.SPI_SelectSlave
                0x0000182e        0x6 build/MCAL/SPI/SPI.o
                0x0000182e                SPI_SelectSlave
 .text.SPI_ReleaseSlave
                0x00001834        0x6 build/MCAL/SPI/SPI.o
                0x00001834                SPI_ReleaseSlave
 .text.TIMER0_Init
                0x0000183a       0x16 build/MCAL/TIMER/TIMER.o
                0x0000183a                TIMER0_Init
 .text.TIMER0_DelayMS
                0x00001850       0x38 build/MCAL/TIMER/TIMER.o
                0x00001850                TIMER0_DelayMS
 .text.TIMER1_PWM
                0x00001888       0x7a build/MCAL/TIMER/TIMER.o
                0x00001888                TIMER1_PWM
 .text.TIMER2_Init
                0x00001902        0xc build/MCAL/TIMER/TIMER.o
                0x00001902                TIMER2_Init
 .text.TIMER2_PWM
                0x0000190e       0x3a build/MCAL/TIMER/TIMER.o
                0x0000190e                TIMER2_PWM
 .text.TIMER2_Stop
                0x00001948       0x14 build/MCAL/TIMER/TIMER.o
                0x00001948                TIMER2_Stop
 .text.__vector_10
                0x0000195c       0x4c build/MCAL/TIMER/TIMER.o
                0x0000195c                __vector_10
 .text.UART_Init
                0x000019a8       0x46 build/MCAL/UART/UART.o
                0x000019a8                UART_Init
 .text.UART_SendByte
                0x000019ee        0xc build/MCAL/UART/UART.o
                0x000019ee                UART_SendByte
 .text.UART_ReceiveByte
                0x000019fa       0x1a build/MCAL/UART/UART.o
                0x000019fa                UART_ReceiveByte
 .text.UART_SendString
                0x00001a14       0x32 build/MCAL/UART/UART.o
                0x00001a14                UART_SendString
 .text.UART_IsDataReady
                0x00001a46        0xa build/MCAL/UART/UART.o
                0x00001a46                UART_IsDataReady
 .text.UART_SetRxInterrupt
                0x00001a50       0x10 build/MCAL/UART/UART.o
                0x00001a50                UART_SetRxInterrupt
 .text.UART_SetRxCallback
                0x00001a60        0xe build/MCAL/UART/UART.o
                0x00001a60                UART_SetRxCallback
 .text.__vector_13
                0x00001a6e       0x54 build/MCAL/UART/UART.o
                0x00001a6e                __vector_13
 .text.libgcc.mul
                0x00001ac2       0x1e /usr/lib64/gcc/avr/15/avr5/libgcc.a(_umulhisi3.o)
                0x00001ac2                __umulhisi3
 .text.libgcc.div
                0x00001ae0       0x28 /usr/lib64/gcc/avr/15/avr5/libgcc.a(_udivmodhi4.o)
                0x00001ae0                __udivmodhi4
 .text.libgcc.div
                0x00001b08       0x44 /usr/lib64/gcc/avr/15/avr5/libgcc.a(_udivmodsi4.o)
                0x00001b08                __udivmodsi4
 .text.libgcc   0x00001b4c        0xc /usr/lib64/gcc/avr/15/avr5/libgcc.a(_tablejump2.o)
                0x00001b4c                __tablejump2__
 .text.avr-libc
                0x00001b58        0xe /usr/avr/sys-root/lib/avr5/libc.a(memset.o)
                0x00001b58                memset
 .text.avr-libc
                0x00001b66       0x12 /usr/avr/sys-root/lib/avr5/libc.a(strcmp.o)
                0x00001b66                strcmp
 .text.avr-libc
                0x00001b78        0xe /usr/avr/sys-root/lib/avr5/libc.a(strcpy.o)
                0x00001b78                strcpy
 .text.avr-libc
                0x00001b86       0x1c /usr/avr/sys-root/lib/avr5/libc.a(strncmp.o)
                0x00001b86                strncmp
 .text.avr-libc
                0x00001ba2       0x64 /usr/avr/sys-root/lib/avr5/libc.a(snprintf.o)
                0x00001ba2                snprintf
 .text.avr-libc
                0x00001c06      0x3b6 /usr/avr/sys-root/lib/avr5/libc.a(vfprintf_std.o)
                0x00001c06                vfprintf
 .text.avr-libc
                0x00001fbc       0x16 /usr/avr/sys-root/lib/avr5/libc.a(strnlen_P.o)
                0x00001fbc                strnlen_P
 .text.avr-libc
                0x00001fd2       0x16 /usr/avr/sys-root/lib/avr5/libc.a(strnlen.o)
                0x00001fd2                strnlen
 .text.avr-libc
                0x00001fe8       0x60 /usr/avr/sys-root/lib/avr5/libc.a(fputc.o)
                0x00001fe8                fputc
 .text.avr-libc
                0x00002048       0xbc /usr/avr/sys-root/lib/avr5/libc.a(ultoa_invert.o)
                0x00002048                __ultoa_invert
 .text.libgcc.prologue
                0x00002104       0x38 /usr/lib64/gcc/avr/15/avr5/libgcc.a(_prologue.o)
                0x00002104                __prologue_saves__
 .text.libgcc.prologue
                0x0000213c       0x36 /usr/lib64/gcc/avr/15/avr5/libgcc.a(_epilogue.o)
                0x0000213c                __epilogue_restores__
                0x00002172                        . = ALIGN (0x2)
 *(.fini9)
 .fini9         0x00002172        0x0 /usr/lib64/gcc/avr/15/avr5/libgcc.a(_exit.o)
                0x00002172                exit
                0x00002172                _exit
 *(.fini9)
 *(.fini8)
 *(.fini8)
 *(.fini7)
 *(.fini7)
 *(.fini6)
 *(.fini6)
 *(.fini5)
 *(.fini5)
 *(.fini4)
 *(.fini4)
 *(.fini3)
 *(.fini3)
 *(.fini2)
 *(.fini2)
 *(.fini1)
 *(.fini1)
 *(.fini0)
 .fini0         0x00002172        0x4 /usr/lib64/gcc/avr/15/avr5/libgcc.a(_exit.o)
 *(.fini0)
 *(.hightext)
 *(.hightext*)
 *(.progmemx)
 *(.progmemx.*)
                0x00002176                        . = ALIGN (0x2)
 *(.jumptables)
 *(.jumptables*)
 .jumptables.gcc.main
                0x00002176       0x1c build/main.o
 .jumptables.gcc.LCD_UpdateFrame
                0x00002192       0x12 build/HAL/LCD/lcd.o
                0x000021a4                        _etext = .

.data           0x00800060       0xde load address 0x000021a4
                0x00800060                        PROVIDE (__data_start = .)
 *(.data)
 *(.data*)
 .data.g_carState
                0x00800060        0x2 build/APP/CarFSM/CarFSM.o
 *(.gnu.linkonce.d*)
 *(.rodata)
 *(.rodata*)
 .rodata.CONS_SendTelemetry.str1.1
                0x00800062       0xcf build/APP/Consol/consol.o
                                  0x5 (size before relaxing)
 .rodata.CONS_ParseCommand.str1.1
                0x00800131        0x0 build/APP/Consol/consol.o
                                 0x21 (size before relaxing)
 .rodata.s_floorCm
                0x00800131        0x8 build/APP/Motion/Motion.o
 .rodata.digits
                0x00800139        0x4 build/HAL/HC595/HC595.o
 .rodata.LCD_UpdateFrame.str1.1
                0x0080013d        0x0 build/HAL/LCD/lcd.o
                                 0xa9 (size before relaxing)
 *(.gnu.linkonce.r*)
                0x0080013e                        . = ALIGN (0x2)
 *fill*         0x0080013d        0x1 
                0x0080013e                        _edata = .
                0x0080013e                        PROVIDE (__data_end = .)

.bss            0x0080013e       0x97
                0x0080013e                        PROVIDE (__bss_start = .)
 *(.bss)
 *(.bss*)
 .bss.g_emergencyStopTrip
                0x0080013e        0x1 build/main.o
 .bss.g_lcdFrame
                0x0080013f       0x20 build/main.o
 .bss.g_calls   0x0080015f        0x3 build/APP/Consol/consol.o
 .bss.g_rxLen   0x00800162        0x1 build/APP/Consol/consol.o
 .bss.g_rxBuffer
                0x00800163       0x20 build/APP/Consol/consol.o
 .bss.g_obstructionCount
                0x00800183        0x1 build/APP/DoorFSM/DoorFSM.o
 .bss.g_doorState
                0x00800184        0x2 build/APP/DoorFSM/DoorFSM.o
 .bss.g_logCount
                0x00800186        0x1 build/APP/Fault_log/fault_log.o
 .bss.g_logHead
                0x00800187        0x1 build/APP/Fault_log/fault_log.o
 .bss.g_faultLog
                0x00800188       0x10 build/APP/Fault_log/fault_log.o
 .bss.s_motionActive
                0x00800198        0x1 build/APP/Motion/Motion.o
 .bss.s_relevelCount
                0x00800199        0x1 build/APP/Motion/Motion.o
 .bss.s_accelCounter
                0x0080019a        0x2 build/APP/Motion/Motion.o
 .bss.s_targetPositionCm
                0x0080019c        0x2 build/APP/Motion/Motion.o
 .bss.s_overcurrentTimer
                0x0080019e        0x2 build/APP/Safety/Safety.o
 .bss.candidateCount
                0x008001a0        0x1 build/HAL/HC165/HC165.o
 .bss.pressedEdges
                0x008001a1        0x2 build/HAL/HC165/HC165.o
 .bss.candidateButtons
                0x008001a3        0x2 build/HAL/HC165/HC165.o
 .bss.stableButtons
                0x008001a5        0x2 build/HAL/HC165/HC165.o
 .bss.g_lcdPrev
                0x008001a7       0x20 build/HAL/LCD/lcd.o
 .bss.g_loadReadValid
                0x008001c7        0x1 build/HAL/Load/Load.o
 .bss.EXTI_Callbacks
                0x008001c8        0x6 build/MCAL/INTERRUPT/INTERRUPT.o
 .bss.g_msCounter
                0x008001ce        0x4 build/MCAL/TIMER/TIMER.o
                0x008001ce                g_msCounter
 .bss.systemTicks10ms
                0x008001d2        0x1 build/MCAL/TIMER/TIMER.o
                0x008001d2                systemTicks10ms
 .bss.g_uartRxCallback
                0x008001d3        0x2 build/MCAL/UART/UART.o
 *(COMMON)
                0x008001d5                        PROVIDE (__bss_end = .)
                0x000021a4                        __data_load_start = LOADADDR (.data)
                0x00002282                        __data_load_end = (__data_load_start + SIZEOF (.data))

.noinit         0x008001d5        0x0
                [!provide]                        PROVIDE (__noinit_start = .)
 *(.noinit .noinit.* .gnu.linkonce.n.*)
                [!provide]                        PROVIDE (__noinit_end = .)
                0x008001d5                        _end = .
                [!provide]                        PROVIDE (__heap_start = .)
                0x00000000                        __flmap_init_label = DEFINED (__flmap_noinit_start)?__flmap_noinit_start:0x0
                0x00000000                        __flmap = DEFINED (__flmap)?__flmap:0x0

.eeprom         0x00810000        0x0
 *(.eeprom*)
                0x00810000                        __eeprom_end = .

.fuse
 *(.fuse)
 *(.lfuse)
 *(.hfuse)
 *(.efuse)

.lock
 *(.lock*)

.signature
 *(.signature*)

.stab
 *(.stab)

.stabstr
 *(.stabstr)

.stab.excl
 *(.stab.excl)

.stab.exclstr
 *(.stab.exclstr)

.stab.index
 *(.stab.index)

.stab.indexstr
 *(.stab.indexstr)

.comment        0x00000000       0x32
 *(.comment)
 .comment       0x00000000       0x32 build/main.o
                                 0x1a (size before relaxing)
 .comment       0x00000032        0x0 build/APP/CarFSM/CarFSM.o
                                 0x1a (size before relaxing)
 .comment       0x00000032        0x0 build/APP/Consol/consol.o
                                 0x1a (size before relaxing)
 .comment       0x00000032        0x0 build/APP/dispatch/dispatch.o
                                 0x1a (size before relaxing)
 .comment       0x00000032        0x0 build/APP/DoorFSM/DoorFSM.o
                                 0x1a (size before relaxing)
 .comment       0x00000032        0x0 build/APP/Fault_log/fault_log.o
                                 0x1a (size before relaxing)
 .comment       0x00000032        0x0 build/APP/Motion/Motion.o
                                 0x1a (size before relaxing)
 .comment       0x00000032        0x0 build/APP/Safety/Safety.o
                                 0x1a (size before relaxing)
 .comment       0x00000032        0x0 build/HAL/Buzzer/Buzzer.o
                                 0x1a (size before relaxing)
 .comment       0x00000032        0x0 build/HAL/Door/Door.o
                                 0x1a (size before relaxing)
 .comment       0x00000032        0x0 build/HAL/HC165/HC165.o
                                 0x1a (size before relaxing)
 .comment       0x00000032        0x0 build/HAL/HC595/HC595.o
                                 0x1a (size before relaxing)
 .comment       0x00000032        0x0 build/HAL/Hoist/Hoist.o
                                 0x1a (size before relaxing)
 .comment       0x00000032        0x0 build/HAL/LCD/lcd.o
                                 0x1a (size before relaxing)
 .comment       0x00000032        0x0 build/HAL/Load/Load.o
                                 0x1a (size before relaxing)
 .comment       0x00000032        0x0 build/HAL/Position/position.o
                                 0x1a (size before relaxing)
 .comment       0x00000032        0x0 build/MCAL/ADC/ADC.o
                                 0x1a (size before relaxing)
 .comment       0x00000032        0x0 build/MCAL/GPIO/GPIO.o
                                 0x1a (size before relaxing)
 .comment       0x00000032        0x0 build/MCAL/I2C/I2C.o
                                 0x1a (size before relaxing)
 .comment       0x00000032        0x0 build/MCAL/INTERRUPT/INTERRUPT.o
                                 0x1a (size before relaxing)
 .comment       0x00000032        0x0 build/MCAL/SPI/SPI.o
                                 0x1a (size before relaxing)
 .comment       0x00000032        0x0 build/MCAL/TIMER/TIMER.o
                                 0x1a (size before relaxing)
 .comment       0x00000032        0x0 build/MCAL/UART/UART.o
                                 0x1a (size before relaxing)
 .comment       0x00000032        0x0 /usr/avr/sys-root/lib/avr5/libc.a(snprintf.o)
                                 0x1a (size before relaxing)
 .comment       0x00000032        0x0 /usr/avr/sys-root/lib/avr5/libc.a(vfprintf_std.o)
                                 0x1a (size before relaxing)
 .comment       0x00000032        0x0 /usr/avr/sys-root/lib/avr5/libc.a(fputc.o)
                                 0x1a (size before relaxing)

.note.gnu.avr.deviceinfo
                0x00000000       0x3c
 .note.gnu.avr.deviceinfo
                0x00000000       0x3c /usr/avr/sys-root/lib/avr5/crtatmega32.o

.gnu.build.attributes
 *(.gnu.build.attributes .gnu.build.attributes.*)

.note.gnu.build-id
 *(.note.gnu.build-id)

.debug
 *(.debug)

.line
 *(.line)

.debug_srcinfo
 *(.debug_srcinfo)

.debug_sfnames
 *(.debug_sfnames)

.debug_aranges  0x00000000      0x120
 *(.debug_aranges)
 .debug_aranges
                0x00000000       0x20 /usr/lib64/gcc/avr/15/avr5/libgcc.a(_umulhisi3.o)
 .debug_aranges
                0x00000020       0x20 /usr/lib64/gcc/avr/15/avr5/libgcc.a(_udivmodhi4.o)
 .debug_aranges
                0x00000040       0x20 /usr/lib64/gcc/avr/15/avr5/libgcc.a(_udivmodsi4.o)
 .debug_aranges
                0x00000060       0x20 /usr/lib64/gcc/avr/15/avr5/libgcc.a(_exit.o)
 .debug_aranges
                0x00000080       0x20 /usr/lib64/gcc/avr/15/avr5/libgcc.a(_tablejump2.o)
 .debug_aranges
                0x000000a0       0x20 /usr/lib64/gcc/avr/15/avr5/libgcc.a(_copy_data.o)
 .debug_aranges
                0x000000c0       0x20 /usr/lib64/gcc/avr/15/avr5/libgcc.a(_clear_bss.o)
 .debug_aranges
                0x000000e0       0x20 /usr/lib64/gcc/avr/15/avr5/libgcc.a(_prologue.o)
 .debug_aranges
                0x00000100       0x20 /usr/lib64/gcc/avr/15/avr5/libgcc.a(_epilogue.o)

.debug_pubnames
 *(.debug_pubnames)

.debug_info     0x00000000      0x62a
 *(.debug_info .gnu.linkonce.wi.*)
 .debug_info    0x00000000      0x4e6 /usr/avr/sys-root/lib/avr5/crtatmega32.o
 .debug_info    0x000004e6       0x24 /usr/lib64/gcc/avr/15/avr5/libgcc.a(_umulhisi3.o)
 .debug_info    0x0000050a       0x24 /usr/lib64/gcc/avr/15/avr5/libgcc.a(_udivmodhi4.o)
 .debug_info    0x0000052e       0x24 /usr/lib64/gcc/avr/15/avr5/libgcc.a(_udivmodsi4.o)
 .debug_info    0x00000552       0x24 /usr/lib64/gcc/avr/15/avr5/libgcc.a(_exit.o)
 .debug_info    0x00000576       0x24 /usr/lib64/gcc/avr/15/avr5/libgcc.a(_tablejump2.o)
 .debug_info    0x0000059a       0x24 /usr/lib64/gcc/avr/15/avr5/libgcc.a(_copy_data.o)
 .debug_info    0x000005be       0x24 /usr/lib64/gcc/avr/15/avr5/libgcc.a(_clear_bss.o)
 .debug_info    0x000005e2       0x24 /usr/lib64/gcc/avr/15/avr5/libgcc.a(_prologue.o)
 .debug_info    0x00000606       0x24 /usr/lib64/gcc/avr/15/avr5/libgcc.a(_epilogue.o)

.debug_abbrev   0x00000000      0x557
 *(.debug_abbrev)
 .debug_abbrev  0x00000000      0x4a3 /usr/avr/sys-root/lib/avr5/crtatmega32.o
 .debug_abbrev  0x000004a3       0x14 /usr/lib64/gcc/avr/15/avr5/libgcc.a(_umulhisi3.o)
 .debug_abbrev  0x000004b7       0x14 /usr/lib64/gcc/avr/15/avr5/libgcc.a(_udivmodhi4.o)
 .debug_abbrev  0x000004cb       0x14 /usr/lib64/gcc/avr/15/avr5/libgcc.a(_udivmodsi4.o)
 .debug_abbrev  0x000004df       0x14 /usr/lib64/gcc/avr/15/avr5/libgcc.a(_exit.o)
 .debug_abbrev  0x000004f3       0x14 /usr/lib64/gcc/avr/15/avr5/libgcc.a(_tablejump2.o)
 .debug_abbrev  0x00000507       0x14 /usr/lib64/gcc/avr/15/avr5/libgcc.a(_copy_data.o)
 .debug_abbrev  0x0000051b       0x14 /usr/lib64/gcc/avr/15/avr5/libgcc.a(_clear_bss.o)
 .debug_abbrev  0x0000052f       0x14 /usr/lib64/gcc/avr/15/avr5/libgcc.a(_prologue.o)
 .debug_abbrev  0x00000543       0x14 /usr/lib64/gcc/avr/15/avr5/libgcc.a(_epilogue.o)

.debug_line     0x00000000      0x614
 *(.debug_line .debug_line.* .debug_line_end)
 .debug_line    0x00000000       0x1d /usr/avr/sys-root/lib/avr5/crtatmega32.o
 .debug_line    0x0000001d       0x9f /usr/lib64/gcc/avr/15/avr5/libgcc.a(_umulhisi3.o)
 .debug_line    0x000000bc       0xbd /usr/lib64/gcc/avr/15/avr5/libgcc.a(_udivmodhi4.o)
 .debug_line    0x00000179      0x111 /usr/lib64/gcc/avr/15/avr5/libgcc.a(_udivmodsi4.o)
 .debug_line    0x0000028a       0x51 /usr/lib64/gcc/avr/15/avr5/libgcc.a(_exit.o)
 .debug_line    0x000002db       0x69 /usr/lib64/gcc/avr/15/avr5/libgcc.a(_tablejump2.o)
 .debug_line    0x00000344       0x87 /usr/lib64/gcc/avr/15/avr5/libgcc.a(_copy_data.o)
 .debug_line    0x000003cb       0x75 /usr/lib64/gcc/avr/15/avr5/libgcc.a(_clear_bss.o)
 .debug_line    0x00000440       0xed /usr/lib64/gcc/avr/15/avr5/libgcc.a(_prologue.o)
 .debug_line    0x0000052d       0xe7 /usr/lib64/gcc/avr/15/avr5/libgcc.a(_epilogue.o)

.debug_frame
 *(.debug_frame)

.debug_str      0x00000000      0x254
 *(.debug_str)
 .debug_str     0x00000000      0x196 /usr/avr/sys-root/lib/avr5/crtatmega32.o
 .debug_str     0x00000196       0xbe /usr/lib64/gcc/avr/15/avr5/libgcc.a(_umulhisi3.o)
 .debug_str     0x00000254        0x0 /usr/lib64/gcc/avr/15/avr5/libgcc.a(_udivmodhi4.o)
                                 0xbe (size before relaxing)
 .debug_str     0x00000254        0x0 /usr/lib64/gcc/avr/15/avr5/libgcc.a(_udivmodsi4.o)
                                 0xbe (size before relaxing)
 .debug_str     0x00000254        0x0 /usr/lib64/gcc/avr/15/avr5/libgcc.a(_exit.o)
                                 0xbe (size before relaxing)
 .debug_str     0x00000254        0x0 /usr/lib64/gcc/avr/15/avr5/libgcc.a(_tablejump2.o)
                                 0xbe (size before relaxing)
 .debug_str     0x00000254        0x0 /usr/lib64/gcc/avr/15/avr5/libgcc.a(_copy_data.o)
                                 0xbe (size before relaxing)
 .debug_str     0x00000254        0x0 /usr/lib64/gcc/avr/15/avr5/libgcc.a(_clear_bss.o)
                                 0xbe (size before relaxing)
 .debug_str     0x00000254        0x0 /usr/lib64/gcc/avr/15/avr5/libgcc.a(_prologue.o)
                                 0xbe (size before relaxing)
 .debug_str     0x00000254        0x0 /usr/lib64/gcc/avr/15/avr5/libgcc.a(_epilogue.o)
                                 0xbe (size before relaxing)

.debug_loc
 *(.debug_loc)

.debug_macinfo
 *(.debug_macinfo)

.debug_weaknames
 *(.debug_weaknames)

.debug_funcnames
 *(.debug_funcnames)

.debug_typenames
 *(.debug_typenames)

.debug_varnames
 *(.debug_varnames)

.debug_pubtypes
 *(.debug_pubtypes)

.debug_ranges
 *(.debug_ranges)

.debug_addr
 *(.debug_addr)

.debug_line_str
                0x00000000       0xb0
 *(.debug_line_str)
 .debug_line_str
                0x00000000       0xb0 /usr/lib64/gcc/avr/15/avr5/libgcc.a(_umulhisi3.o)
 .debug_line_str
                0x000000b0        0x0 /usr/lib64/gcc/avr/15/avr5/libgcc.a(_udivmodhi4.o)
                                 0xb0 (size before relaxing)
 .debug_line_str
                0x000000b0        0x0 /usr/lib64/gcc/avr/15/avr5/libgcc.a(_udivmodsi4.o)
                                 0xb0 (size before relaxing)
 .debug_line_str
                0x000000b0        0x0 /usr/lib64/gcc/avr/15/avr5/libgcc.a(_exit.o)
                                 0xb0 (size before relaxing)
 .debug_line_str
                0x000000b0        0x0 /usr/lib64/gcc/avr/15/avr5/libgcc.a(_tablejump2.o)
                                 0xb0 (size before relaxing)
 .debug_line_str
                0x000000b0        0x0 /usr/lib64/gcc/avr/15/avr5/libgcc.a(_copy_data.o)
                                 0xb0 (size before relaxing)
 .debug_line_str
                0x000000b0        0x0 /usr/lib64/gcc/avr/15/avr5/libgcc.a(_clear_bss.o)
                                 0xb0 (size before relaxing)
 .debug_line_str
                0x000000b0        0x0 /usr/lib64/gcc/avr/15/avr5/libgcc.a(_prologue.o)
                                 0xb0 (size before relaxing)
 .debug_line_str
                0x000000b0        0x0 /usr/lib64/gcc/avr/15/avr5/libgcc.a(_epilogue.o)
                                 0xb0 (size before relaxing)

.debug_loclists
 *(.debug_loclists)

.debug_macro
 *(.debug_macro)

.debug_names
 *(.debug_names)

.debug_rnglists
 *(.debug_rnglists)

.debug_str_offsets
 *(.debug_str_offsets)

.debug_sup
 *(.debug_sup)
OUTPUT(build/program.elf elf32-avr)
LOAD linker stubs
